銘柄リストを取得中…
銘柄リスト: https://www.jpx.co.jp/markets/statistics-equities/misc/tvdivq0000001vg2-att/data_j.xlsx
502 銘柄の株価を取得中…
半導体関連として除外: 17 銘柄
   285A.T キオクシアホールディングス
   4063.T 信越化学工業
   4369.T トリケミカル研究所
   6146.T ディスコ
   6235.T オプトラン
   6266.T タツモ
   6387.T サムコ
   6616.T トレックス・セミコンダクター
   6723.T ルネサスエレクトロニクス
   6857.T アドバンテスト
   6920.T レーザーテック
   7701.T 島津製作所
   7741.T ＨＯＹＡ
   8035.T 東京エレクトロン
   KLAC KLA Corporation
   MRVL Marvell Technology
   NVDA Nvidia
完了: results/report.html
戦略  スコア           規模    回数  20日 勝率  20日 上乗せ  60日 勝率  60日 上乗せ
勢い    1 TOPIX外(新興など)  5576   0.484   -0.003   0.496   -0.005
勢い    1    その他(個別指定)   150   0.513    0.002   0.612    0.009
勢い    1   中型(Mid400)  6177   0.520   -0.005   0.570   -0.002
勢い    1 大型(TOPIX100)  5765   0.541   -0.003   0.595   -0.002
勢い    1  小型1(Small1)  6297   0.519   -0.003   0.565   -0.001
勢い    1  小型2(Small2)  5742   0.511   -0.003   0.533   -0.004
勢い    1       日本株 全体 29557   0.515   -0.004   0.553   -0.003
勢い    1   米国(S&P500)  8236   0.562   -0.001   0.605   -0.002
勢い    2 TOPIX外(新興など)  3384   0.463   -0.006   0.477   -0.014
勢い    2    その他(個別指定)   123   0.570    0.006   0.610    0.036
勢い    2   中型(Mid400)  3519   0.519   -0.005   0.565   -0.005
勢い    2 大型(TOPIX100)  3433   0.523   -0.005   0.579   -0.007
勢い    2  小型1(Small1)  3514   0.512   -0.006   0.544   -0.008
勢い    2  小型2(Small2)  3391   0.493   -0.004   0.521   -0.004
勢い    2       日本株 全体 17241   0.502   -0.005   0.538   -0.007
勢い    2   米国(S&P500)  4748   0.551   -0.006   0.591   -0.016
勢い    3 TOPIX外(新興など)  1708   0.462   -0.006   0.442   -0.021
勢い    3    その他(個別指定)    81   0.650    0.043   0.718    0.124
勢い    3   中型(Mid400)  2016   0.515   -0.007   0.571   -0.004
勢い    3 大型(TOPIX100)  2032   0.514   -0.007   0.563   -0.014
勢い    3  小型1(Small1)  2032   0.519   -0.004   0.545   -0.005
勢い    3  小型2(Small2)  1920   0.510   -0.003   0.522   -0.000
勢い    3       日本株 全体  9708   0.506   -0.006   0.532   -0.009
勢い    3   米国(S&P500)  2653   0.545   -0.008   0.580   -0.020
勢い    4 TOPIX外(新興など)   723   0.461   -0.012   0.436   -0.031
勢い    4    その他(個別指定)    36   0.528    0.024   0.583    0.039
勢い    4   中型(Mid400)   577   0.513   -0.006   0.583    0.007
勢い    4 大型(TOPIX100)   552   0.482   -0.014   0.546   -0.017
勢い    4  小型1(Small1)   738   0.489   -0.009   0.553   -0.003
勢い    4  小型2(Small2)   821   0.494   -0.000   0.468   -0.006
勢い    4       日本株 全体  3411   0.487   -0.008   0.512   -0.010
勢い    4   米国(S&P500)   596   0.548   -0.010   0.624   -0.004
反転    1 TOPIX外(新興など)  2389   0.437   -0.008   0.445   -0.014
反転    1    その他(個別指定)    33   0.656    0.016   0.655    0.014
反転    1   中型(Mid400)  1771   0.513   -0.004   0.577   -0.002
反転    1 大型(TOPIX100)  1188   0.500   -0.006   0.593   -0.004
反転    1  小型1(Small1)  1820   0.498   -0.007   0.529   -0.009
反転    1  小型2(Small2)  1920   0.504   -0.004   0.532   -0.004
反転    1       日本株 全体  9088   0.486   -0.006   0.525   -0.007
反転    1   米国(S&P500)  1648   0.532   -0.005   0.578   -0.003
反転    2 TOPIX外(新興など)  1102   0.441   -0.009   0.446   -0.021
反転    2    その他(個別指定)    16   0.733   -0.008   0.500   -0.034
反転    2   中型(Mid400)   792   0.513   -0.004   0.572   -0.007
反転    2 大型(TOPIX100)   530   0.471   -0.013   0.538   -0.012
反転    2  小型1(Small1)   892   0.498   -0.007   0.528   -0.007
反転    2  小型2(Small2)   925   0.479   -0.009   0.517   -0.009
反転    2       日本株 全体  4241   0.479   -0.008   0.514   -0.012
反転    2   米国(S&P500)   746   0.525   -0.006   0.597   -0.007
反転    3 TOPIX外(新興など)   365   0.384   -0.022   0.404   -0.030
反転    3    その他(個別指定)     4   0.750    0.060   0.667    0.223
反転    3   中型(Mid400)   233   0.504   -0.000   0.588    0.002
反転    3 大型(TOPIX100)   166   0.434   -0.017   0.585   -0.011
反転    3  小型1(Small1)   270   0.519   -0.006   0.481   -0.015
反転    3  小型2(Small2)   318   0.435   -0.018   0.478   -0.003
反転    3       日本株 全体  1352   0.450   -0.013   0.491   -0.013
反転    3   米国(S&P500)   220   0.568    0.003   0.634   -0.005
反転    4 TOPIX外(新興など)    88   0.356   -0.027   0.429   -0.044
反転    4    その他(個別指定)     1   1.000    0.075   1.000    0.061
反転    4   中型(Mid400)    39   0.590   -0.005   0.583    0.005
反転    4 大型(TOPIX100)    32   0.406   -0.024   0.581   -0.005
反転    4  小型1(Small1)    33   0.545    0.017   0.606    0.046
反転    4  小型2(Small2)    65   0.508   -0.004   0.508   -0.020
反転    4       日本株 全体   257   0.461   -0.012   0.514   -0.014
反転    4   米国(S&P500)    29   0.517   -0.013   0.607   -0.040
戦略              売り方  スコア         規模   取引数    勝率  平均保有日数    上乗せ
勢い     A 5日/25日線クロス    1     日本株 全体 17137 0.410  27.131 -0.004
勢い     A 5日/25日線クロス    1 米国(S&P500)  4576 0.457  28.978 -0.003
勢い     A 5日/25日線クロス    2     日本株 全体  9853 0.377  23.714 -0.006
勢い     A 5日/25日線クロス    2 米国(S&P500)  2689 0.419  25.014 -0.009
勢い     A 5日/25日線クロス    3     日本株 全体  5571 0.388  24.051 -0.007
勢い     A 5日/25日線クロス    3 米国(S&P500)  1493 0.422  25.444 -0.012
勢い    B 25日/75日線クロス    1     日本株 全体  6787 0.471  97.701 -0.003
勢い    B 25日/75日線クロス    1 米国(S&P500)  1743 0.523 104.222  0.001
勢い    B 25日/75日線クロス    2     日本株 全体  5157 0.423  82.743 -0.008
勢い    B 25日/75日線クロス    2 米国(S&P500)  1333 0.468  88.341 -0.010
勢い    B 25日/75日線クロス    3     日本株 全体  3405 0.426  80.916 -0.006
勢い    B 25日/75日線クロス    3 米国(S&P500)   883 0.471  87.954 -0.012
勢い C 25/75クロス+損切り8%    1     日本株 全体  9366 0.384  63.971 -0.004
勢い C 25/75クロス+損切り8%    1 米国(S&P500)  2438 0.407  68.171  0.003
勢い C 25/75クロス+損切り8%    2     日本株 全体  5841 0.362  64.073 -0.010
勢い C 25/75クロス+損切り8%    2 米国(S&P500)  1482 0.408  72.340 -0.011
勢い C 25/75クロス+損切り8%    3     日本株 全体  3709 0.370  65.766 -0.008
勢い C 25/75クロス+損切り8%    3 米国(S&P500)   959 0.404  73.711 -0.015
勢い       D 高値から-10%    1     日本株 全体 10138 0.411  57.047 -0.006
勢い       D 高値から-10%    1 米国(S&P500)  2718 0.429  59.487 -0.007
勢い       D 高値から-10%    2     日本株 全体  6233 0.401  57.123 -0.010
勢い       D 高値から-10%    2 米国(S&P500)  1550 0.418  66.315 -0.018
勢い       D 高値から-10%    3     日本株 全体  3946 0.409  57.084 -0.008
勢い       D 高値から-10%    3 米国(S&P500)   966 0.412  70.718 -0.023
反転     A 5日/25日線クロス    1     日本株 全体  5118 0.394  26.591 -0.004
反転     A 5日/25日線クロス    1 米国(S&P500)   935 0.443  27.526 -0.005
反転     A 5日/25日線クロス    2     日本株 全体  2870 0.363  23.874 -0.010
反転     A 5日/25日線クロス    2 米国(S&P500)   530 0.434  24.234 -0.013
反転     A 5日/25日線クロス    3     日本株 全体  1220 0.358  23.717 -0.016
反転     A 5日/25日線クロス    3 米国(S&P500)   205 0.420  24.263 -0.010
反転    B 25日/75日線クロス    1     日本株 全体  2398 0.442  94.428 -0.005
反転    B 25日/75日線クロス    1 米国(S&P500)   452 0.473  96.819 -0.005
反転    B 25日/75日線クロス    2     日本株 全体  1953 0.385  79.541 -0.008
反転    B 25日/75日線クロス    2 米国(S&P500)   379 0.446  85.557 -0.016
反転    B 25日/75日線クロス    3     日本株 全体  1144 0.377  79.333 -0.010
反転    B 25日/75日線クロス    3 米国(S&P500)   197 0.462  85.751 -0.005
反転 C 25/75クロス+損切り8%    1     日本株 全体  3263 0.360  61.748 -0.004
反転 C 25/75クロス+損切り8%    1 米国(S&P500)   613 0.365  63.423 -0.011
反転 C 25/75クロス+損切り8%    2     日本株 全体  2207 0.338  61.247 -0.009
反転 C 25/75クロス+損切り8%    2 米国(S&P500)   429 0.375  65.263 -0.013
反転 C 25/75クロス+損切り8%    3     日本株 全体  1177 0.327  61.727 -0.012
反転 C 25/75クロス+損切り8%    3 米国(S&P500)   200 0.360  65.090 -0.012
反転       D 高値から-10%    1     日本株 全体  3315 0.395  57.030 -0.009
反転       D 高値から-10%    1 米国(S&P500)   701 0.414  50.622 -0.012
反転       D 高値から-10%    2     日本株 全体  2113 0.381  60.072 -0.013
反転       D 高値から-10%    2 米国(S&P500)   436 0.385  55.174 -0.020
反転       D 高値から-10%    3     日本株 全体  1132 0.380  61.956 -0.011
反転       D 高値から-10%    3 米国(S&P500)   196 0.393  56.893 -0.015
